ordis_co_il_usr@vxaorzmkzo:~/www/edahouse.ordis.co.il$ sudo cat /etc/nginx/sites-available/edahouse.ordis.co.il
cat: /etc/nginx/sites-available/edahouse.ordis.co.il: No such file or directory
ordis_co_il_usr@vxaorzmkzo:~/www/edahouse.ordis.co.il$ ^C
ordis_co_il_usr@vxaorzmkzo:~/www/edahouse.ordis.co.il$ ls -la /etc/nginx/sites-available/
total 12
drwxr-xr-x  2 root root 4096 Jul  3 00:22 .
drwxr-xr-x 12 root root 4096 Jul  2 20:34 ..
-rw-r--r--  1 root root  727 Jul  2 20:34 edahouse.ordis.co.il.disabled
ordis_co_il_usr@vxaorzmkzo:~/www/edahouse.ordis.co.il$ ls -la /etc/nginx/sites-enabled/
total 8
drwxr-xr-x  2 root root 4096 Jul  2 20:55 .
drwxr-xr-x 12 root root 4096 Jul  2 20:34 ..
ordis_co_il_usr@vxaorzmkzo:~/www/edahouse.ordis.co.il$ find /etc/nginx -name "*edahouse*" -o -name "*ordis*" 2>/dev/null
/etc/nginx/sites-available/edahouse.ordis.co.il.disabled
ordis_co_il_usr@vxaorzmkzo:~/www/edahouse.ordis.co.il$ sudo cat /etc/nginx/nginx.conf | grep -A 20 -B 5 "server\|include"
# this file was autogenerated, please do not edit
user www-data;
worker_processes  auto;

include /etc/nginx/modules-enabled/*.conf;

error_log  /var/log/nginx/error.log warn;
pid        /var/run/nginx.pid;

events {
    worker_connections  1024;
}

http {
    include       /etc/nginx/mime.types;
    default_type  application/octet-stream;

    log_format fastpanel '[$time_local] $host $server_addr $remote_addr $status $body_bytes_sent $request_time $request $http_referer $http_user_agent';
    access_log  /var/log/nginx/access.log fastpanel;
    sendfile        on;
    keepalive_timeout  65;
    client_max_body_size 100m;

    include /etc/nginx/conf.d/*.conf;
    include /etc/nginx/fastpanel2-sites/*/*.conf;
    include /etc/nginx/sites-enabled/*.conf;

    server_names_hash_bucket_size 128;
}

ordis_co_il_usr@vxaorzmkzo:~/www/edahouse.ordis.co.il$ sudo netstat -tlnp | grep ":80\|:443"
sudo: netstat: command not found
ordis_co_il_usr@vxaorzmkzo:~/www/edahouse.ordis.co.il$ ls -la /etc/letsencrypt/live/ 2>/dev/null || echo "Нет SSL сертификатов"
Нет SSL сертификатов
ordis_co_il_usr@vxaorzmkzo:~/www/edahouse.ordis.co.il$
